[0.069s] DEBUG:colcon:Command line arguments: ['/usr/bin/colcon', 'build', '--packages-select', 'py_pkg']
[0.070s] DEBUG:colcon:Parsed command line arguments: Namespace(log_base=None, log_level=None, verb_name='build', build_base='build', install_base='install', merge_install=False, symlink_install=False, test_result_base=None, continue_on_error=False, executor='parallel', parallel_workers=14, event_handlers=None, ignore_user_meta=False, metas=['./colcon.meta'], base_paths=['.'], packages_ignore=None, packages_ignore_regex=None, paths=None, packages_up_to=None, packages_up_to_regex=None, packages_above=None, packages_above_and_dependencies=None, packages_above_depth=None, packages_select_by_dep=None, packages_skip_by_dep=None, packages_skip_up_to=None, packages_select_build_failed=False, packages_skip_build_finished=False, packages_select_test_failures=False, packages_skip_test_passed=False, packages_select=['py_pkg'], packages_skip=None, packages_select_regex=None, packages_skip_regex=None, packages_start=None, packages_end=None, allow_overriding=[], cmake_args=None, cmake_target=None, cmake_target_skip_unavailable=False, cmake_clean_cache=False, cmake_clean_first=False, cmake_force_configure=False, ament_cmake_args=None, catkin_cmake_args=None, catkin_skip_building_tests=False, verb_parser=<colcon_defaults.argument_parser.defaults.DefaultArgumentsDecorator object at 0x75e301ba8ce0>, verb_extension=<colcon_core.verb.build.BuildVerb object at 0x75e301ba8ad0>, main=<bound method BuildVerb.main of <colcon_core.verb.build.BuildVerb object at 0x75e301ba8ad0>>)
[0.093s] Level 1:colcon.colcon_core.package_discovery:discover_packages(colcon_meta) check parameters
[0.093s] Level 1:colcon.colcon_core.package_discovery:discover_packages(recursive) check parameters
[0.093s] Level 1:colcon.colcon_core.package_discovery:discover_packages(ignore) check parameters
[0.093s] Level 1:colcon.colcon_core.package_discovery:discover_packages(path) check parameters
[0.093s] Level 1:colcon.colcon_core.package_discovery:discover_packages(colcon_meta) discover
[0.093s] Level 1:colcon.colcon_core.package_discovery:discover_packages(recursive) discover
[0.093s] INFO:colcon.colcon_core.package_discovery:Crawling recursively for packages in '/home/girji/dave_ws/nautilus-command-bridge-frontend'
[0.093s] Level 1:colcon.colcon_core.package_identification:_identify(.) by extensions ['ignore', 'ignore_ament_install']
[0.093s] Level 1:colcon.colcon_core.package_identification:_identify(.) by extension 'ignore'
[0.093s] Level 1:colcon.colcon_core.package_identification:_identify(.) ignored
[0.093s] Level 1:colcon.colcon_core.package_discovery:discover_packages(recursive) using defaults
[0.093s] Level 1:colcon.colcon_core.package_discovery:discover_packages(ignore) discover
[0.093s] Level 1:colcon.colcon_core.package_discovery:discover_packages(ignore) using defaults
[0.093s] Level 1:colcon.colcon_core.package_discovery:discover_packages(path) discover
[0.093s] Level 1:colcon.colcon_core.package_discovery:discover_packages(path) using defaults
[0.093s] WARNING:colcon.colcon_core.package_selection:ignoring unknown package 'py_pkg' in --packages-select
[0.105s] Level 1:colcon.colcon_core.package_discovery:discover_packages(prefix_path) check parameters
[0.105s] Level 1:colcon.colcon_core.package_discovery:discover_packages(prefix_path) discover
[0.107s] DEBUG:colcon.colcon_installed_package_information.package_discovery:Found 425 installed packages in /opt/ros/jazzy
[0.108s] Level 1:colcon.colcon_core.package_discovery:discover_packages(prefix_path) using defaults
[0.139s] INFO:colcon.colcon_core.executor:Executing jobs using 'parallel' executor
[0.140s] DEBUG:colcon.colcon_parallel_executor.executor.parallel:run_until_complete
[0.140s] DEBUG:colcon.colcon_parallel_executor.executor.parallel:closing loop
[0.140s] DEBUG:colcon.colcon_parallel_executor.executor.parallel:loop closed
[0.140s] DEBUG:colcon.colcon_parallel_executor.executor.parallel:run_until_complete finished with '0'
[0.140s] DEBUG:colcon.colcon_core.event_reactor:joining thread
[0.143s] INFO:colcon.colcon_core.plugin_system:Skipping extension 'colcon_notification.desktop_notification.terminal_notifier': Not used on non-Darwin systems
[0.143s] INFO:colcon.colcon_core.plugin_system:Skipping extension 'colcon_notification.desktop_notification.win32': Not used on non-Windows systems
[0.143s] INFO:colcon.colcon_notification.desktop_notification:Sending desktop notification using 'notify2'
[0.149s] DEBUG:colcon.colcon_core.event_reactor:joined thread
[0.151s] INFO:colcon.colcon_core.plugin_system:Skipping extension 'colcon_core.shell.bat': Not used on non-Windows systems
[0.151s] INFO:colcon.colcon_core.shell:Creating prefix script '/home/girji/dave_ws/nautilus-command-bridge-frontend/install/local_setup.ps1'
[0.152s] INFO:colcon.colcon_core.shell:Creating prefix util module '/home/girji/dave_ws/nautilus-command-bridge-frontend/install/_local_setup_util_ps1.py'
[0.153s] INFO:colcon.colcon_core.shell:Creating prefix chain script '/home/girji/dave_ws/nautilus-command-bridge-frontend/install/setup.ps1'
[0.153s] INFO:colcon.colcon_core.shell:Creating prefix script '/home/girji/dave_ws/nautilus-command-bridge-frontend/install/local_setup.sh'
[0.153s] INFO:colcon.colcon_core.shell:Creating prefix util module '/home/girji/dave_ws/nautilus-command-bridge-frontend/install/_local_setup_util_sh.py'
[0.154s] INFO:colcon.colcon_core.shell:Creating prefix chain script '/home/girji/dave_ws/nautilus-command-bridge-frontend/install/setup.sh'
[0.154s] INFO:colcon.colcon_core.shell:Creating prefix script '/home/girji/dave_ws/nautilus-command-bridge-frontend/install/local_setup.bash'
[0.154s] INFO:colcon.colcon_core.shell:Creating prefix chain script '/home/girji/dave_ws/nautilus-command-bridge-frontend/install/setup.bash'
[0.155s] INFO:colcon.colcon_core.shell:Creating prefix script '/home/girji/dave_ws/nautilus-command-bridge-frontend/install/local_setup.zsh'
[0.155s] INFO:colcon.colcon_core.shell:Creating prefix chain script '/home/girji/dave_ws/nautilus-command-bridge-frontend/install/setup.zsh'
